// Jest Snapshot v1, https://goo.gl/fbAQLP

exports[`Pruebas en <GifItem /> Debe de hacer match con el snapshot 1`] = `
<div>
  <div
    class="card"
  >
    <img
      alt="Tanjiro"
      src="https://demon-slayer.com/tanjiro.png"
    />
    <p>
      Tanjiro
    </p>
  </div>
</div>
`;
